{
  "ID": "mem_json",
  "Created": "2024-01-15T12:00:00Z",
  "Updated": "0001-01-01T00:00:00Z",
  "Category": "preference",
  "Status": "",
  "Topics": [
    "go",
    "json"
  ],
  "Confidence": 1,
  "Source": {
    "SessionID": "sess_001",
    "MessageID": ""
  },
  "Scope": {
    "Agent": "",
    "Path": ""
  },
  "Access": {
    "LastAccessed": "0001-01-01T00:00:00Z",
    "AccessCount": 0
  },
  "Supersession": {
    "Supersedes": "",
    "SupersededBy": "",
    "Reason": ""
  },
  "Links": {
    "Related": null
  },
  "Unclear": {
    "Flagged": false,
    "Reason": ""
  }
}